------------ command: arity 1 -------------
?- jns_test:win(0)

   TV = Undefined

?- jns_test:one_ary_fail(p)

   TV = False

?- jns_test:instan(b)

   TV = False

----------- command arity 0 --------------
?- jns_test:zero_ary_true()

   TV = True

?- jns_test:zero_ary_fail()

   TV = False

?- jns_test:zero_ary_undef()

   TV = Undefined

----------- query: arity 1 --------------
{'truth': Undefined, 'return': 'b'}
---------
jns.apply_once('jns_test','one_ary_undef')
Answer = b
---------
jns.apply_once('jns_test','instan')
Answer = a
---------
jns.apply_once('jns_test','return_tuple')
Answer = ([1, 'a', ('a',)], ('b', 'c', 'd'), ())
---------
jns.apply_once('jns_test','return_term')
Answer = ('plgTerm', 'p', [1], 'a', ('plgTerm', 'f', 'a'), ('plgTerm', 'g', 'b'))
------------ query: arity 2 -------------
jns.apply_once('basics','reverse',[1,2,3,{'a':{'b':'c'}}])
Answer = [{'a': {'b': 'c'}}, 3, 2, 1]
---------
jns.apply_once('string','concat_atom',['a','b','c','d','e','f','g'])
Answer = abcdefg
------------ query: arity 3 -------------
jns.apply_once('basics','append',[1,2],[3,4])
Answer = [1, 2, 3, 4]
----------- query: arity 1 (PLAIN_TRUTHVALS)--------------
?- jns_test:one_ary_undef(Answer).

   Answer  = b
   TV = Undefined

?- jns_test:instan(Answer).

   Answer  = a
   TV = True

?- jns_test:one_ary_fail(Answer).

Exception Caught from XSB: 
   'return'
      

?- jns_test:return_tuple(Answer).

   Answer  = ([1, 'a', ('a',)], ('b', 'c', 'd'), ())
   TV = True

?- jns_test:return_term(Answer).

   Answer  = ('plgTerm', 'p', [1], 'a', ('plgTerm', 'f', 'a'), ('plgTerm', 'g', 'b'))
   TV = True

------------ query: arity 2 (PLAIN_TRUTHVALS) -------------
?- basics:reverse(([1, 2, 3, {'a': {'b': 'c'}}],),Answer).

   Answer  = [{'a': {'b': 'c'}}, 3, 2, 1]
   TV = True

?- string:concat_atom((['a', 'b', 'c', 'd', 'e', 'f', 'g'],),Answer).

   Answer  = abcdefg
   TV = True

------------ query: arity 3  (PLAIN_TRUTHVALS) -------------
?- basics:append(([1, 2], [3, 4]),Answer).

   Answer  = [1, 2, 3, 4]
   TV = True

----------- done with test_cmd_query --------------
